
  .   ____          _            __ _ _
 /\\ / ___'_ __ _ _(_)_ __  __ _ \ \ \ \
( ( )\___ | '_ | '_| | '_ \/ _` | \ \ \ \
 \\/  ___)| |_)| | | | | || (_| |  ) ) ) )
  '  |____| .__|_| |_|_| |_\__, | / / / /
 =========|_|==============|___/=/_/_/_/
 :: Spring Boot ::               (v2.7.18)

2026-03-17 17:03:27.850  INFO 38448 --- [           main] com.kxhospital.wreport.WrApplication     : Starting WrApplication using Java 1.8.0_191 on DESKTOP-BIJ5RL0 with PID 38448 (D:\AiCode\cursor\d_hos_wreport_deploy_api_20260312\target\hos-wreport-api-1.0.0.jar started by kevinxiao in D:\AiCode\cursor\d_hos_wreport_deploy_api_20260312)
2026-03-17 17:03:27.858 DEBUG 38448 --- [           main] com.kxhospital.wreport.WrApplication     : Running with Spring Boot v2.7.18, Spring v5.3.31
2026-03-17 17:03:27.861  INFO 38448 --- [           main] com.kxhospital.wreport.WrApplication     : No active profile set, falling back to 1 default profile: "default"
2026-03-17 17:03:29.646  INFO 38448 --- [           main] .s.d.r.c.RepositoryConfigurationDelegate : Multiple Spring Data modules found, entering strict repository configuration mode
2026-03-17 17:03:29.652  INFO 38448 --- [           main] .s.d.r.c.RepositoryConfigurationDelegate : Bootstrapping Spring Data Redis repositories in DEFAULT mode.
2026-03-17 17:03:29.689  INFO 38448 --- [           main] .s.d.r.c.RepositoryConfigurationDelegate : Finished Spring Data repository scanning in 13 ms. Found 0 Redis repository interfaces.
2026-03-17 17:03:32.360  INFO 38448 --- [           main] o.s.b.w.embedded.tomcat.TomcatWebServer  : Tomcat initialized with port(s): 8083 (http)
2026-03-17 17:03:32.389  INFO 38448 --- [           main] o.apache.catalina.core.StandardService   : Starting service [Tomcat]
2026-03-17 17:03:32.391  INFO 38448 --- [           main] org.apache.catalina.core.StandardEngine  : Starting Servlet engine: [Apache Tomcat/9.0.83]
2026-03-17 17:03:32.661  INFO 38448 --- [           main] o.a.c.c.C.[Tomcat].[localhost].[/]       : Initializing Spring embedded WebApplicationContext
2026-03-17 17:03:32.663  INFO 38448 --- [           main] w.s.c.ServletWebServerApplicationContext : Root WebApplicationContext: initialization completed in 4647 ms
2026-03-17 17:03:32.889 DEBUG 38448 --- [           main] com.kxhospital.wreport.config.JwtFilter  : Filter 'jwtFilter' configured for use
2026-03-17 17:03:32.987  INFO 38448 --- [           main] c.a.d.s.b.a.DruidDataSourceAutoConfigure : Init DruidDataSource
2026-03-17 17:03:37.495  INFO 38448 --- [           main] com.alibaba.druid.pool.DruidDataSource   : {dataSource-1} inited
Logging initialized using 'class org.apache.ibatis.logging.stdout.StdOutImpl' adapter.
Initialization Sequence datacenterId:0 workerId:3
 _ _   |_  _ _|_. ___ _ |    _ 
| | |\/|_)(_| | |_\  |_)||_|_\ 
     /               |         
                        3.5.5 
2026-03-17 17:03:42.354  INFO 38448 --- [           main] o.s.b.w.embedded.tomcat.TomcatWebServer  : Tomcat started on port(s): 8083 (http) with context path ''
2026-03-17 17:03:42.373  INFO 38448 --- [           main] com.kxhospital.wreport.WrApplication     : Started WrApplication in 15.418 seconds (JVM running for 16.054)
2026-03-17 17:03:43.001  INFO 38448 --- [           main] c.k.wreport.config.DatabaseInitializer   : [DB] DDL init done, executed 23 statements
2026-03-17 17:03:43.006  INFO 38448 --- [           main] c.k.wreport.config.MinioInitializer      : [MinIO] 初始化桶: wk-registration-files, wk-system-templates
2026-03-17 17:03:57.498  INFO 38448 --- [nio-8083-exec-1] o.a.c.c.C.[Tomcat].[localhost].[/]       : Initializing Spring DispatcherServlet 'dispatcherServlet'
2026-03-17 17:03:57.502  INFO 38448 --- [nio-8083-exec-1] o.s.web.servlet.DispatcherServlet        : Initializing Servlet 'dispatcherServlet'
2026-03-17 17:03:57.504  INFO 38448 --- [nio-8083-exec-1] o.s.web.servlet.DispatcherServlet        : Completed initialization in 1 ms
Creating a new SqlSession
SqlSession [org.apache.ibatis.session.defaults.DefaultSqlSession@12d6b137] was not registered for synchronization because synchronization is not active
JDBC Connection [com.alibaba.druid.pool.DruidStatementConnection@2621430d] will not be managed by Spring
==>  Preparing: SELECT user_id AS id, account, password, real_name, org_id FROM sys_user WHERE account = ? AND del_flag = 'N' AND status_flag = 1 LIMIT 1
==> Parameters: wr_admin(String)
<==    Columns: id, account, password, real_name, org_id
<==        Row: 177330561143451283, wr_admin, $2a$10$DqLfqfLZiqV1R1HnAVNIzuVRTAdMTvrSqt44X9cB8O4bxV0vuW6Ue, 质控管理员, 1986677412049780738
<==      Total: 1
Closing non transactional SqlSession [org.apache.ibatis.session.defaults.DefaultSqlSession@12d6b137]
Creating a new SqlSession
SqlSession [org.apache.ibatis.session.defaults.DefaultSqlSession@7d8f001] was not registered for synchronization because synchronization is not active
JDBC Connection [com.alibaba.druid.pool.DruidStatementConnection@2621430d] will not be managed by Spring
==>  Preparing: SELECT r.role_code FROM sys_user_role ur JOIN sys_role r ON r.role_id = ur.role_id WHERE ur.user_id = ? LIMIT 1
==> Parameters: 177330561143451283(Long)
<==    Columns: role_code
<==        Row: deptAdmin
<==      Total: 1
Closing non transactional SqlSession [org.apache.ibatis.session.defaults.DefaultSqlSession@7d8f001]
Creating a new SqlSession
SqlSession [org.apache.ibatis.session.defaults.DefaultSqlSession@580238da] was not registered for synchronization because synchronization is not active
JDBC Connection [com.alibaba.druid.pool.DruidStatementConnection@2621430d] will not be managed by Spring
==>  Preparing: SELECT org_name FROM hr_organization WHERE org_id = ? LIMIT 1
==> Parameters: 1986677412049780738(Long)
<==    Columns: org_name
<==        Row: 浙江省
<==      Total: 1
Closing non transactional SqlSession [org.apache.ibatis.session.defaults.DefaultSqlSession@580238da]
Creating a new SqlSession
SqlSession [org.apache.ibatis.session.defaults.DefaultSqlSession@a5b94fb] was not registered for synchronization because synchronization is not active
JDBC Connection [com.alibaba.druid.pool.DruidStatementConnection@2621430d] will not be managed by Spring
==>  Preparing: SELECT s.org_id AS orgId, COALESCE(r.org_name, any_r.org_name) AS orgName, r.status AS recordStatus FROM wr_task_org_scope s LEFT JOIN wr_record r ON r.task_id = s.task_id AND r.org_id = s.org_id AND r.del_flag = 0 LEFT JOIN LATERAL ( SELECT org_name FROM wr_record WHERE org_id = s.org_id AND del_flag = 0 LIMIT 1) any_r ON true WHERE s.task_id = ? ORDER BY COALESCE(r.org_name, any_r.org_name) NULLS LAST
==> Parameters: 3000000000000001(Long)
<==    Columns: orgid, orgname, recordstatus
<==        Row: 7437930041691865107, 产科医疗质控中心, 0
<==        Row: 7437930040286773261, 全科医学技术指导中心, 0
<==        Row: 7437930039632461834, 分娩镇痛技术指导中心, 0
<==        Row: 7437930038994927623, 省口腔正畸中心, 0
<==        Row: 7437930037585641473, 省神经外科技术指导中心, 0
<==        Row: 7437930038294478852, 省骨科技术指导中心, 0
<==        Row: 7437930044913090594, 超声质控中心, 0
<==        Row: 1986677412049780738, 超声质控中心用户, 0
<==      Total: 8
Closing non transactional SqlSession [org.apache.ibatis.session.defaults.DefaultSqlSession@a5b94fb]
Creating a new SqlSession
SqlSession [org.apache.ibatis.session.defaults.DefaultSqlSession@3b518fce] was not registered for synchronization because synchronization is not active
JDBC Connection [com.alibaba.druid.pool.DruidStatementConnection@2621430d] will not be managed by Spring
==>  Preparing: SELECT org_id FROM wr_task_org_scope WHERE task_id = ? ORDER BY org_id
==> Parameters: 3000000000000001(Long)
<==    Columns: org_id
<==        Row: 1986677412049780738
<==        Row: 7437930037585641473
<==        Row: 7437930038294478852
<==        Row: 7437930038994927623
<==        Row: 7437930039632461834
<==        Row: 7437930040286773261
<==        Row: 7437930041691865107
<==        Row: 7437930044913090594
<==      Total: 8
Closing non transactional SqlSession [org.apache.ibatis.session.defaults.DefaultSqlSession@3b518fce]
Creating a new SqlSession
SqlSession [org.apache.ibatis.session.defaults.DefaultSqlSession@3fe46d9] was not registered for synchronization because synchronization is not active
JDBC Connection [com.alibaba.druid.pool.DruidStatementConnection@2621430d] will not be managed by Spring
==>  Preparing: SELECT s.org_id AS orgId, COALESCE(r.org_name, any_r.org_name) AS orgName, r.status AS recordStatus FROM wr_task_org_scope s LEFT JOIN wr_record r ON r.task_id = s.task_id AND r.org_id = s.org_id AND r.del_flag = 0 LEFT JOIN LATERAL ( SELECT org_name FROM wr_record WHERE org_id = s.org_id AND del_flag = 0 LIMIT 1) any_r ON true WHERE s.task_id = ? ORDER BY COALESCE(r.org_name, any_r.org_name) NULLS LAST
==> Parameters: 3000000000000002(Long)
<==    Columns: orgid, orgname, recordstatus
<==        Row: 7437930041691865107, 产科医疗质控中心, 0
<==        Row: 7437930040286773261, 全科医学技术指导中心, null
<==        Row: 7437930039632461834, 分娩镇痛技术指导中心, null
<==        Row: 7437930038994927623, 省口腔正畸中心, null
<==        Row: 7437930037585641473, 省神经外科技术指导中心, 0
<==        Row: 7437930038294478852, 省骨科技术指导中心, 0
<==        Row: 7437930044913090594, 超声质控中心, 0
<==        Row: 1986677412049780738, 超声质控中心用户, 0
<==      Total: 8
Closing non transactional SqlSession [org.apache.ibatis.session.defaults.DefaultSqlSession@3fe46d9]
Creating a new SqlSession
SqlSession [org.apache.ibatis.session.defaults.DefaultSqlSession@2c2b5da2] was not registered for synchronization because synchronization is not active
JDBC Connection [com.alibaba.druid.pool.DruidStatementConnection@2621430d] will not be managed by Spring
==>  Preparing: SELECT org_id FROM wr_task_org_scope WHERE task_id = ? ORDER BY org_id
==> Parameters: 3000000000000002(Long)
<==    Columns: org_id
<==        Row: 1986677412049780738
<==        Row: 7437930037585641473
<==        Row: 7437930038294478852
<==        Row: 7437930038994927623
<==        Row: 7437930039632461834
<==        Row: 7437930040286773261
<==        Row: 7437930041691865107
<==        Row: 7437930044913090594
<==      Total: 8
Closing non transactional SqlSession [org.apache.ibatis.session.defaults.DefaultSqlSession@2c2b5da2]
Creating a new SqlSession
SqlSession [org.apache.ibatis.session.defaults.DefaultSqlSession@a823610] was not registered for synchronization because synchronization is not active
Creating a new SqlSession
SqlSession [org.apache.ibatis.session.defaults.DefaultSqlSession@247201dd] was not registered for synchronization because synchronization is not active
JDBC Connection [com.alibaba.druid.pool.DruidStatementConnection@2621430d] will not be managed by Spring
==>  Preparing: SELECT * FROM wr_template WHERE status = 1 AND del_flag = 0 ORDER BY create_time DESC
==> Parameters: 
<==    Columns: id, template_name, description, status, create_user, create_time, update_user, update_time, del_flag
<==        Row: 2000000000000001, 附件2：年度质控工作开展情况统计表, 2025年度省级质控中心/技术指导中心工作开展情况统计表，三级表头，每机构填一行, 1, null, null, null, null, 0
<==        Row: 2000000000000002, 附件3：省市县质控中心设立情况统计表, 省市县质控中心/技术指导中心设立情况统计，每格为勾选（已成立=1）, 1, null, null, null, null, 0
<==        Row: 2032073959343710209, ??????, ??????, 1, 177330561143451283, 2026-03-12 20:39:20.674, 177330561143451283, 2026-03-12 20:39:20.674, 0
<==      Total: 3
Closing non transactional SqlSession [org.apache.ibatis.session.defaults.DefaultSqlSession@247201dd]
JDBC Connection [com.alibaba.druid.pool.DruidStatementConnection@2621430d] will not be managed by Spring
==>  Preparing: SELECT COUNT(*) AS total FROM wr_task WHERE del_flag = 0
==> Parameters: 
<==    Columns: total
<==        Row: 5
<==      Total: 1
==>  Preparing: SELECT * FROM wr_task WHERE del_flag = 0 ORDER BY create_time DESC LIMIT ?
==> Parameters: 10(Long)
<==    Columns: id, task_name, template_id, stat_year, deadline, status, remark, create_user, create_time, update_user, update_time, del_flag
<==        Row: 3000000000000001, 2025年度质控工作开展情况填报, 2000000000000001, 2025, 2026-05-31 23:59:59, 1, 附件2测试任务, null, null, null, null, 0
<==        Row: 3000000000000002, 2025年省市县质控中心设立情况填报, 2000000000000002, 2025, 2026-05-31 23:59:59, 1, 附件3测试任务, null, null, null, null, 0
<==        Row: 2032165241231572993, ISO测试任务, 2032165240753422338, null, 2026-03-20 02:42:03, 0, null, 177330561143451283, 2026-03-13 02:42:03.985, 177330561143451283, 2026-03-13 02:42:03.985, 0
<==        Row: 2032163171690639361, 2026年Q1自测任务, 2032163170851778561, null, 2026-03-20 02:33:50, 0, null, 177330561143451283, 2026-03-13 02:33:50.565, 177330561143451283, 2026-03-13 02:33:50.565, 0
<==        Row: 2032128093065342977, 省市县质控中心设立情况统计, 2032126966508843010, 2026, 2026-04-12 00:14:54, 0, 附件3任务, 177330561143451283, 2026-03-13 00:14:27.158, 177330561143451283, 2026-03-13 00:14:54.285, 0
<==      Total: 5
Closing non transactional SqlSession [org.apache.ibatis.session.defaults.DefaultSqlSession@a823610]
Creating a new SqlSession
SqlSession [org.apache.ibatis.session.defaults.DefaultSqlSession@3ad01989] was not registered for synchronization because synchronization is not active
JDBC Connection [com.alibaba.druid.pool.DruidStatementConnection@2621430d] will not be managed by Spring
==>  Preparing: SELECT u.user_id AS "userId", u.account, u.real_name AS "realName", u.org_id AS "orgId", ho.org_name AS "orgName", u.status_flag AS "statusFlag" FROM sys_user u LEFT JOIN hr_organization ho ON ho.org_id = u.org_id WHERE u.del_flag = 'N' ORDER BY u.create_time DESC LIMIT 20
==> Parameters: 
<==    Columns: userId, account, realName, orgId, orgName, statusFlag
<==        Row: 7437930037937963010, qc_001, 省神经外科技术指导中心, 7437930037585641473, 省神经外科技术指导中心, 1
<==        Row: 7437930039313694728, qc_003, 省口腔正畸中心, 7437930038994927623, 省口腔正畸中心, 1
<==        Row: 7437930042660749335, qc_008, 人类辅助生殖技术质控中心, 7437930042337787926, 人类辅助生殖技术质控中心, 1
<==        Row: 7437930043336032282, qc_009, 产前筛查质控中心, 7437930042979516441, 产前筛查质控中心, 1
<==        Row: 7437930042027409428, qc_007, 产科医疗质控中心, 7437930041691865107, 产科医疗质控中心, 1
<==        Row: 7437930043944206365, qc_010, 儿童生长发育质控中心, 7437930043629633564, 儿童生长发育质控中心, 1
<==        Row: 7437930044585934880, qc_011, 新生儿疾病筛查质控中心, 7437930044279750687, 新生儿疾病筛查质控中心, 1
<==        Row: 7437930039963811851, qc_004, 分娩镇痛技术指导中心, 7437930039632461834, 分娩镇痛技术指导中心, 1
<==        Row: 7437930038650994693, qc_002, 省骨科技术指导中心, 7437930038294478852, 省骨科技术指导中心, 1
<==        Row: 7437930045244440611, qc_012, 超声质控中心, 7437930044913090594, 超声质控中心, 1
<==        Row: 7437930041305989137, qc_006, 甲状腺病诊治技术指导中心, 7437930040966250512, 甲状腺病诊治技术指导中心, 1
<==        Row: 7437930040609734670, qc_005, 全科医学技术指导中心, 7437930040286773261, 全科医学技术指导中心, 1
<==        Row: 2033781357875896322, 13666690999, 质控注册测试, null, null, 1
<==        Row: 2033737548525846530, 17851001366, 注册测试, null, null, 1
<==        Row: 2033711464795103234, jzzkcs01, 测试02, null, null, 1
<==        Row: 2033466480384831490, ygzxcs01, 医管中心测试人员, null, null, 1
<==        Row: 2032258086609092609, zyzkyh, 浙一质控用户, null, null, 1
<==        Row: 177330561143451283, wr_admin, 质控管理员, 1986677412049780738, 浙江省, 1
<==        Row: 177330561181315733, wr_org_a, 超声质控中心, 7437930044913090594, 超声质控中心, 1
<==        Row: 177330561216333108, wr_org_b, 产科医疗质控中心, 7437930041691865107, 产科医疗质控中心, 1
<==      Total: 20
Closing non transactional SqlSession [org.apache.ibatis.session.defaults.DefaultSqlSession@3ad01989]
Creating a new SqlSession
SqlSession [org.apache.ibatis.session.defaults.DefaultSqlSession@a26deb4] was not registered for synchronization because synchronization is not active
JDBC Connection [com.alibaba.druid.pool.DruidStatementConnection@2621430d] will not be managed by Spring
==>  Preparing: SELECT s.org_id AS orgId, COALESCE(r.org_name, any_r.org_name) AS orgName, r.status AS recordStatus FROM wr_task_org_scope s LEFT JOIN wr_record r ON r.task_id = s.task_id AND r.org_id = s.org_id AND r.del_flag = 0 LEFT JOIN LATERAL ( SELECT org_name FROM wr_record WHERE org_id = s.org_id AND del_flag = 0 LIMIT 1) any_r ON true WHERE s.task_id = ? ORDER BY COALESCE(r.org_name, any_r.org_name) NULLS LAST
==> Parameters: 3000000000000001(Long)
<==    Columns: orgid, orgname, recordstatus
<==        Row: 7437930041691865107, 产科医疗质控中心, 0
<==        Row: 7437930040286773261, 全科医学技术指导中心, 0
<==        Row: 7437930039632461834, 分娩镇痛技术指导中心, 0
<==        Row: 7437930038994927623, 省口腔正畸中心, 0
<==        Row: 7437930037585641473, 省神经外科技术指导中心, 0
<==        Row: 7437930038294478852, 省骨科技术指导中心, 0
<==        Row: 7437930044913090594, 超声质控中心, 0
<==        Row: 1986677412049780738, 超声质控中心用户, 0
<==      Total: 8
Closing non transactional SqlSession [org.apache.ibatis.session.defaults.DefaultSqlSession@a26deb4]
Creating a new SqlSession
SqlSession [org.apache.ibatis.session.defaults.DefaultSqlSession@deb5c4] was not registered for synchronization because synchronization is not active
JDBC Connection [com.alibaba.druid.pool.DruidStatementConnection@2621430d] will not be managed by Spring
==>  Preparing: SELECT org_id FROM wr_task_org_scope WHERE task_id = ? ORDER BY org_id
==> Parameters: 3000000000000001(Long)
<==    Columns: org_id
<==        Row: 1986677412049780738
<==        Row: 7437930037585641473
<==        Row: 7437930038294478852
<==        Row: 7437930038994927623
<==        Row: 7437930039632461834
<==        Row: 7437930040286773261
<==        Row: 7437930041691865107
<==        Row: 7437930044913090594
<==      Total: 8
Closing non transactional SqlSession [org.apache.ibatis.session.defaults.DefaultSqlSession@deb5c4]
Creating a new SqlSession
SqlSession [org.apache.ibatis.session.defaults.DefaultSqlSession@2b2e283e] was not registered for synchronization because synchronization is not active
JDBC Connection [com.alibaba.druid.pool.DruidStatementConnection@2621430d] will not be managed by Spring
==>  Preparing: SELECT org_id FROM wr_task_org_scope WHERE task_id = ? ORDER BY org_id
==> Parameters: 3000000000000001(Long)
<==    Columns: org_id
<==        Row: 1986677412049780738
<==        Row: 7437930037585641473
<==        Row: 7437930038294478852
<==        Row: 7437930038994927623
<==        Row: 7437930039632461834
<==        Row: 7437930040286773261
<==        Row: 7437930041691865107
<==        Row: 7437930044913090594
<==      Total: 8
Closing non transactional SqlSession [org.apache.ibatis.session.defaults.DefaultSqlSession@2b2e283e]
Creating a new SqlSession
SqlSession [org.apache.ibatis.session.defaults.DefaultSqlSession@20ec9962] was not registered for synchronization because synchronization is not active
JDBC Connection [com.alibaba.druid.pool.DruidStatementConnection@2621430d] will not be managed by Spring
==>  Preparing: DELETE FROM wr_task_org_scope WHERE task_id = ?
==> Parameters: 3000000000000001(Long)
<==    Updates: 8
Closing non transactional SqlSession [org.apache.ibatis.session.defaults.DefaultSqlSession@20ec9962]
Creating a new SqlSession
SqlSession [org.apache.ibatis.session.defaults.DefaultSqlSession@68fda609] was not registered for synchronization because synchronization is not active
JDBC Connection [com.alibaba.druid.pool.DruidStatementConnection@2621430d] will not be managed by Spring
==>  Preparing: INSERT INTO wr_task_org_scope(id, task_id, org_id, create_user, create_time) VALUES (?, ?, ?, ?, ?) , (?, ?, ?, ?, ?) , (?, ?, ?, ?, ?) , (?, ?, ?, ?, ?) , (?, ?, ?, ?, ?) , (?, ?, ?, ?, ?) , (?, ?, ?, ?, ?) , (?, ?, ?, ?, ?) , (?, ?, ?, ?, ?)
==> Parameters: 2033832374441095169(Long), 3000000000000001(Long), 1986677412049780738(Long), 177330561143451283(Long), 2026-03-17T17:06:39.497(LocalDateTime), 2033832374441095170(Long), 3000000000000001(Long), 7437930037585641473(Long), 177330561143451283(Long), 2026-03-17T17:06:39.497(LocalDateTime), 2033832374441095171(Long), 3000000000000001(Long), 7437930038294478852(Long), 177330561143451283(Long), 2026-03-17T17:06:39.497(LocalDateTime), 2033832374441095172(Long), 3000000000000001(Long), 7437930038994927623(Long), 177330561143451283(Long), 2026-03-17T17:06:39.497(LocalDateTime), 2033832374441095173(Long), 3000000000000001(Long), 7437930039632461834(Long), 177330561143451283(Long), 2026-03-17T17:06:39.497(LocalDateTime), 2033832374441095174(Long), 3000000000000001(Long), 7437930040286773261(Long), 177330561143451283(Long), 2026-03-17T17:06:39.497(LocalDateTime), 2033832374441095175(Long), 3000000000000001(Long), 7437930041691865107(Long), 177330561143451283(Long), 2026-03-17T17:06:39.497(LocalDateTime), 2033832374441095176(Long), 3000000000000001(Long), 7437930044913090594(Long), 177330561143451283(Long), 2026-03-17T17:06:39.497(LocalDateTime), 2033832374441095177(Long), 3000000000000001(Long), 7437930042660749335(Long), 177330561143451283(Long), 2026-03-17T17:06:39.497(LocalDateTime)
<==    Updates: 9
Closing non transactional SqlSession [org.apache.ibatis.session.defaults.DefaultSqlSession@68fda609]
Creating a new SqlSession
SqlSession [org.apache.ibatis.session.defaults.DefaultSqlSession@751254f3] was not registered for synchronization because synchronization is not active
JDBC Connection [com.alibaba.druid.pool.DruidStatementConnection@2621430d] will not be managed by Spring
==>  Preparing: SELECT COUNT(*) AS total FROM wr_task WHERE del_flag = 0
==> Parameters: 
<==    Columns: total
<==        Row: 5
<==      Total: 1
==>  Preparing: SELECT * FROM wr_task WHERE del_flag = 0 ORDER BY create_time DESC LIMIT ?
==> Parameters: 100(Long)
<==    Columns: id, task_name, template_id, stat_year, deadline, status, remark, create_user, create_time, update_user, update_time, del_flag
<==        Row: 3000000000000001, 2025年度质控工作开展情况填报, 2000000000000001, 2025, 2026-05-31 23:59:59, 1, 附件2测试任务, null, null, null, null, 0
<==        Row: 3000000000000002, 2025年省市县质控中心设立情况填报, 2000000000000002, 2025, 2026-05-31 23:59:59, 1, 附件3测试任务, null, null, null, null, 0
<==        Row: 2032165241231572993, ISO测试任务, 2032165240753422338, null, 2026-03-20 02:42:03, 0, null, 177330561143451283, 2026-03-13 02:42:03.985, 177330561143451283, 2026-03-13 02:42:03.985, 0
<==        Row: 2032163171690639361, 2026年Q1自测任务, 2032163170851778561, null, 2026-03-20 02:33:50, 0, null, 177330561143451283, 2026-03-13 02:33:50.565, 177330561143451283, 2026-03-13 02:33:50.565, 0
<==        Row: 2032128093065342977, 省市县质控中心设立情况统计, 2032126966508843010, 2026, 2026-04-12 00:14:54, 0, 附件3任务, 177330561143451283, 2026-03-13 00:14:27.158, 177330561143451283, 2026-03-13 00:14:54.285, 0
<==      Total: 5
Closing non transactional SqlSession [org.apache.ibatis.session.defaults.DefaultSqlSession@751254f3]
Creating a new SqlSession
SqlSession [org.apache.ibatis.session.defaults.DefaultSqlSession@4e92fc37] was not registered for synchronization because synchronization is not active
JDBC Connection [com.alibaba.druid.pool.DruidStatementConnection@2621430d] will not be managed by Spring
==>  Preparing: SELECT COUNT(*) AS total FROM wr_record WHERE del_flag = 0 AND task_id = ?
==> Parameters: 3000000000000001(Long)
Creating a new SqlSession
SqlSession [org.apache.ibatis.session.defaults.DefaultSqlSession@53749894] was not registered for synchronization because synchronization is not active
<==    Columns: total
<==        Row: 8
<==      Total: 1
==>  Preparing: SELECT * FROM wr_record WHERE del_flag = 0 AND task_id = ? ORDER BY create_time DESC LIMIT ?
==> Parameters: 3000000000000001(Long), 10(Long)
JDBC Connection [com.alibaba.druid.pool.DruidStatementConnection@18d4a581] will not be managed by Spring
==>  Preparing: SELECT COUNT( * ) AS total FROM wr_task_org_scope WHERE (task_id = ?)
==> Parameters: 3000000000000001(Long)
<==    Columns: id, task_id, template_id, org_id, org_name, status, submit_user, submit_time, audit_user, audit_time, audit_result, audit_remark, create_user, create_time, update_user, update_time, del_flag, resubmit_deadline
<==        Row: 2032189702215307266, 3000000000000001, 2000000000000001, 7437930040286773261, 全科医学技术指导中心, 0, null, null, null, null, null, null, 7437930040609734670, 2026-03-13 04:19:15.933, 7437930040609734670, 2026-03-13 04:19:15.933, 0, null
<==        Row: 2032189700717940737, 3000000000000001, 2000000000000001, 7437930039632461834, 分娩镇痛技术指导中心, 0, null, null, null, null, null, null, 7437930039963811851, 2026-03-13 04:19:15.572, 7437930039963811851, 2026-03-13 04:19:15.572, 0, null
<==        Row: 2032189699224768514, 3000000000000001, 2000000000000001, 7437930038994927623, 省口腔正畸中心, 0, null, null, null, null, null, null, 7437930039313694728, 2026-03-13 04:19:15.214, 7437930039313694728, 2026-03-13 04:19:15.214, 0, null
<==        Row: 2032189697601572865, 3000000000000001, 2000000000000001, 7437930038294478852, 省骨科技术指导中心, 0, null, null, null, null, null, null, 7437930038650994693, 2026-03-13 04:19:14.835, 7437930038650994693, 2026-03-13 04:19:14.835, 0, null
<==        Row: 2032189696062263297, 3000000000000001, 2000000000000001, 7437930037585641473, 省神经外科技术指导中心, 0, null, null, null, null, null, null, 7437930037937963010, 2026-03-13 04:19:14.467, 7437930037937963010, 2026-03-13 04:19:14.467, 0, null
<==        Row: 2032189694514565121, 3000000000000001, 2000000000000001, 7437930041691865107, 产科医疗质控中心, 0, null, null, null, null, null, null, 177330561216333108, 2026-03-13 04:19:14.089, 177330561216333108, 2026-03-13 04:19:14.089, 0, null
<==        Row: 2032189692832649218, 3000000000000001, 2000000000000001, 7437930044913090594, 超声质控中心, 0, null, null, null, null, null, null, 177330561181315733, 2026-03-13 04:19:13.698, 177330561181315733, 2026-03-13 04:19:13.698, 0, null
<==        Row: 2032184164765220865, 3000000000000001, 2000000000000001, 1986677412049780738, 超声质控中心用户, 0, null, null, null, null, null, null, 177330561181315733, 2026-03-13 03:57:15.694, 177330561181315733, 2026-03-13 03:57:15.694, 0, null
<==      Total: 8
Closing non transactional SqlSession [org.apache.ibatis.session.defaults.DefaultSqlSession@4e92fc37]
<==    Columns: total
<==        Row: 9
<==      Total: 1
Closing non transactional SqlSession [org.apache.ibatis.session.defaults.DefaultSqlSession@53749894]
Creating a new SqlSession
SqlSession [org.apache.ibatis.session.defaults.DefaultSqlSession@6afd7bbc] was not registered for synchronization because synchronization is not active
JDBC Connection [com.alibaba.druid.pool.DruidStatementConnection@18d4a581] will not be managed by Spring
==>  Preparing: SELECT COUNT(1) AS total, SUM(CASE WHEN status = 0 THEN 1 ELSE 0 END) AS draft, SUM(CASE WHEN status = 1 THEN 1 ELSE 0 END) AS submitted, SUM(CASE WHEN status = 2 THEN 1 ELSE 0 END) AS approved, SUM(CASE WHEN status = 3 THEN 1 ELSE 0 END) AS rejected FROM wr_record WHERE del_flag = 0 AND task_id = ?
==> Parameters: 3000000000000001(Long)
<==    Columns: total, draft, submitted, approved, rejected
<==        Row: 8, 8, 0, 0, 0
<==      Total: 1
Closing non transactional SqlSession [org.apache.ibatis.session.defaults.DefaultSqlSession@6afd7bbc]
Creating a new SqlSession
SqlSession [org.apache.ibatis.session.defaults.DefaultSqlSession@5b28af04] was not registered for synchronization because synchronization is not active
JDBC Connection [com.alibaba.druid.pool.DruidStatementConnection@18d4a581] will not be managed by Spring
==>  Preparing: SELECT COUNT(*) AS total FROM wr_template WHERE del_flag = 0
==> Parameters: 
<==    Columns: total
<==        Row: 7
<==      Total: 1
==>  Preparing: SELECT * FROM wr_template WHERE del_flag = 0 ORDER BY create_time DESC LIMIT ?
==> Parameters: 10(Long)
<==    Columns: id, template_name, description, status, create_user, create_time, update_user, update_time, del_flag
<==        Row: 2000000000000001, 附件2：年度质控工作开展情况统计表, 2025年度省级质控中心/技术指导中心工作开展情况统计表，三级表头，每机构填一行, 1, null, null, null, null, 0
<==        Row: 2000000000000002, 附件3：省市县质控中心设立情况统计表, 省市县质控中心/技术指导中心设立情况统计，每格为勾选（已成立=1）, 1, null, null, null, null, 0
<==        Row: 2033814418697076737, 自测模板_clientId, null, 0, 177330561143451283, 2026-03-17 15:55:18.52, 177330561143451283, 2026-03-17 15:55:18.52, 0
<==        Row: 2032165240753422338, ISO日期测试模板, null, 0, 177330561143451283, 2026-03-13 02:42:03.858, 177330561143451283, 2026-03-13 02:42:03.858, 0
<==        Row: 2032163170851778561, 自测模板_单层, 自动化测试用, 0, 177330561143451283, 2026-03-13 02:33:50.355, 177330561143451283, 2026-03-13 02:33:50.355, 0
<==        Row: 2032126966508843010, 附件3：省市县质控中心设立情况统计表, 附件3自动生成模板, 0, 177330561143451283, 2026-03-13 00:09:58.578, 177330561143451283, 2026-03-13 00:09:58.578, 0
<==        Row: 2032073959343710209, ??????, ??????, 1, 177330561143451283, 2026-03-12 20:39:20.674, 177330561143451283, 2026-03-12 20:39:20.674, 0
<==      Total: 7
Closing non transactional SqlSession [org.apache.ibatis.session.defaults.DefaultSqlSession@5b28af04]
Creating a new SqlSession
SqlSession [org.apache.ibatis.session.defaults.DefaultSqlSession@d79a4f1] was not registered for synchronization because synchronization is not active
JDBC Connection [com.alibaba.druid.pool.DruidStatementConnection@18d4a581] will not be managed by Spring
==>  Preparing: SELECT s.org_id AS orgId, COALESCE(r.org_name, any_r.org_name) AS orgName, r.status AS recordStatus FROM wr_task_org_scope s LEFT JOIN wr_record r ON r.task_id = s.task_id AND r.org_id = s.org_id AND r.del_flag = 0 LEFT JOIN LATERAL ( SELECT org_name FROM wr_record WHERE org_id = s.org_id AND del_flag = 0 LIMIT 1) any_r ON true WHERE s.task_id = ? ORDER BY COALESCE(r.org_name, any_r.org_name) NULLS LAST
==> Parameters: 3000000000000001(Long)
<==    Columns: orgid, orgname, recordstatus
<==        Row: 7437930041691865107, 产科医疗质控中心, 0
<==        Row: 7437930040286773261, 全科医学技术指导中心, 0
<==        Row: 7437930039632461834, 分娩镇痛技术指导中心, 0
<==        Row: 7437930038994927623, 省口腔正畸中心, 0
<==        Row: 7437930037585641473, 省神经外科技术指导中心, 0
<==        Row: 7437930038294478852, 省骨科技术指导中心, 0
<==        Row: 7437930044913090594, 超声质控中心, 0
<==        Row: 1986677412049780738, 超声质控中心用户, 0
<==        Row: 7437930042660749335, null, null
<==      Total: 9
Closing non transactional SqlSession [org.apache.ibatis.session.defaults.DefaultSqlSession@d79a4f1]
Creating a new SqlSession
SqlSession [org.apache.ibatis.session.defaults.DefaultSqlSession@3be5b2e] was not registered for synchronization because synchronization is not active
JDBC Connection [com.alibaba.druid.pool.DruidStatementConnection@18d4a581] will not be managed by Spring
==>  Preparing: SELECT org_id FROM wr_task_org_scope WHERE task_id = ? ORDER BY org_id
==> Parameters: 3000000000000001(Long)
<==    Columns: org_id
<==        Row: 1986677412049780738
<==        Row: 7437930037585641473
<==        Row: 7437930038294478852
<==        Row: 7437930038994927623
<==        Row: 7437930039632461834
<==        Row: 7437930040286773261
<==        Row: 7437930041691865107
<==        Row: 7437930042660749335
<==        Row: 7437930044913090594
<==      Total: 9
Closing non transactional SqlSession [org.apache.ibatis.session.defaults.DefaultSqlSession@3be5b2e]
Creating a new SqlSession
Creating a new SqlSession
SqlSession [org.apache.ibatis.session.defaults.DefaultSqlSession@312672dd] was not registered for synchronization because synchronization is not active
SqlSession [org.apache.ibatis.session.defaults.DefaultSqlSession@3e9e400] was not registered for synchronization because synchronization is not active
JDBC Connection [com.alibaba.druid.pool.DruidStatementConnection@18d4a581] will not be managed by Spring
==>  Preparing: SELECT COUNT( * ) AS total FROM wr_task_org_scope WHERE (task_id = ?)
==> Parameters: 3000000000000002(Long)
JDBC Connection [com.alibaba.druid.pool.DruidStatementConnection@2621430d] will not be managed by Spring
==>  Preparing: SELECT COUNT(*) AS total FROM wr_record WHERE del_flag = 0 AND task_id = ?
==> Parameters: 3000000000000002(Long)
<==    Columns: total
<==        Row: 8
<==      Total: 1
Closing non transactional SqlSession [org.apache.ibatis.session.defaults.DefaultSqlSession@312672dd]
Creating a new SqlSession
SqlSession [org.apache.ibatis.session.defaults.DefaultSqlSession@3903364d] was not registered for synchronization because synchronization is not active
JDBC Connection [com.alibaba.druid.pool.DruidStatementConnection@18d4a581] will not be managed by Spring
==>  Preparing: SELECT COUNT(1) AS total, SUM(CASE WHEN status = 0 THEN 1 ELSE 0 END) AS draft, SUM(CASE WHEN status = 1 THEN 1 ELSE 0 END) AS submitted, SUM(CASE WHEN status = 2 THEN 1 ELSE 0 END) AS approved, SUM(CASE WHEN status = 3 THEN 1 ELSE 0 END) AS rejected FROM wr_record WHERE del_flag = 0 AND task_id = ?
==> Parameters: 3000000000000002(Long)
<==    Columns: total
<==        Row: 5
<==      Total: 1
==>  Preparing: SELECT * FROM wr_record WHERE del_flag = 0 AND task_id = ? ORDER BY create_time DESC LIMIT ?
==> Parameters: 3000000000000002(Long), 10(Long)
<==    Columns: total, draft, submitted, approved, rejected
<==        Row: 5, 5, 0, 0, 0
<==      Total: 1
Closing non transactional SqlSession [org.apache.ibatis.session.defaults.DefaultSqlSession@3903364d]
<==    Columns: id, task_id, template_id, org_id, org_name, status, submit_user, submit_time, audit_user, audit_time, audit_result, audit_remark, create_user, create_time, update_user, update_time, del_flag, resubmit_deadline
<==        Row: 2032277653192470530, 3000000000000002, 2000000000000002, 7437930038294478852, 省骨科技术指导中心, 0, null, null, null, null, null, null, 7437930038650994693, 2026-03-13 10:08:45.071, 7437930038650994693, 2026-03-13 10:08:45.071, 0, null
<==        Row: 2032264707833917441, 3000000000000002, 2000000000000002, 7437930037585641473, 省神经外科技术指导中心, 0, null, null, null, null, null, null, 7437930037937963010, 2026-03-13 09:17:18.658, 7437930037937963010, 2026-03-13 09:17:18.658, 0, null
<==        Row: 2032186935832743937, 3000000000000002, 2000000000000002, 7437930041691865107, 产科医疗质控中心, 0, null, null, null, null, null, null, 177330561216333108, 2026-03-13 04:08:16.382, 177330561216333108, 2026-03-13 04:08:16.382, 0, null
<==        Row: 2032186648493559809, 3000000000000002, 2000000000000002, 7437930044913090594, 超声质控中心, 0, null, null, null, null, null, null, 177330561181315733, 2026-03-13 04:07:07.872, 177330561181315733, 2026-03-13 04:07:07.872, 0, null
<==        Row: 2032184166598131713, 3000000000000002, 2000000000000002, 1986677412049780738, 超声质控中心用户, 0, null, null, null, null, null, null, 177330561181315733, 2026-03-13 03:57:16.139, 177330561181315733, 2026-03-13 03:57:16.139, 0, null
<==      Total: 5
Closing non transactional SqlSession [org.apache.ibatis.session.defaults.DefaultSqlSession@3e9e400]
Creating a new SqlSession
Creating a new SqlSession
SqlSession [org.apache.ibatis.session.defaults.DefaultSqlSession@45dc2bbb] was not registered for synchronization because synchronization is not active
SqlSession [org.apache.ibatis.session.defaults.DefaultSqlSession@302872f9] was not registered for synchronization because synchronization is not active
JDBC Connection [com.alibaba.druid.pool.DruidStatementConnection@2621430d] will not be managed by Spring
==>  Preparing: SELECT COUNT( * ) AS total FROM wr_task_org_scope WHERE (task_id = ?)
==> Parameters: 3000000000000001(Long)
JDBC Connection [com.alibaba.druid.pool.DruidStatementConnection@18d4a581] will not be managed by Spring
==>  Preparing: SELECT COUNT(*) AS total FROM wr_record WHERE del_flag = 0 AND task_id = ?
==> Parameters: 3000000000000001(Long)
<==    Columns: total
<==    Columns: total
<==        Row: 9
<==        Row: 8
<==      Total: 1
<==      Total: 1
Closing non transactional SqlSession [org.apache.ibatis.session.defaults.DefaultSqlSession@45dc2bbb]
==>  Preparing: SELECT * FROM wr_record WHERE del_flag = 0 AND task_id = ? ORDER BY create_time DESC LIMIT ?
Creating a new SqlSession
==> Parameters: 3000000000000001(Long), 10(Long)
SqlSession [org.apache.ibatis.session.defaults.DefaultSqlSession@79339eca] was not registered for synchronization because synchronization is not active
JDBC Connection [com.alibaba.druid.pool.DruidStatementConnection@2621430d] will not be managed by Spring
==>  Preparing: SELECT COUNT(1) AS total, SUM(CASE WHEN status = 0 THEN 1 ELSE 0 END) AS draft, SUM(CASE WHEN status = 1 THEN 1 ELSE 0 END) AS submitted, SUM(CASE WHEN status = 2 THEN 1 ELSE 0 END) AS approved, SUM(CASE WHEN status = 3 THEN 1 ELSE 0 END) AS rejected FROM wr_record WHERE del_flag = 0 AND task_id = ?
==> Parameters: 3000000000000001(Long)
<==    Columns: id, task_id, template_id, org_id, org_name, status, submit_user, submit_time, audit_user, audit_time, audit_result, audit_remark, create_user, create_time, update_user, update_time, del_flag, resubmit_deadline
<==        Row: 2032189702215307266, 3000000000000001, 2000000000000001, 7437930040286773261, 全科医学技术指导中心, 0, null, null, null, null, null, null, 7437930040609734670, 2026-03-13 04:19:15.933, 7437930040609734670, 2026-03-13 04:19:15.933, 0, null
<==        Row: 2032189700717940737, 3000000000000001, 2000000000000001, 7437930039632461834, 分娩镇痛技术指导中心, 0, null, null, null, null, null, null, 7437930039963811851, 2026-03-13 04:19:15.572, 7437930039963811851, 2026-03-13 04:19:15.572, 0, null
<==        Row: 2032189699224768514, 3000000000000001, 2000000000000001, 7437930038994927623, 省口腔正畸中心, 0, null, null, null, null, null, null, 7437930039313694728, 2026-03-13 04:19:15.214, 7437930039313694728, 2026-03-13 04:19:15.214, 0, null
<==    Columns: total, draft, submitted, approved, rejected
<==        Row: 8, 8, 0, 0, 0
<==      Total: 1
Closing non transactional SqlSession [org.apache.ibatis.session.defaults.DefaultSqlSession@79339eca]
<==        Row: 2032189697601572865, 3000000000000001, 2000000000000001, 7437930038294478852, 省骨科技术指导中心, 0, null, null, null, null, null, null, 7437930038650994693, 2026-03-13 04:19:14.835, 7437930038650994693, 2026-03-13 04:19:14.835, 0, null
<==        Row: 2032189696062263297, 3000000000000001, 2000000000000001, 7437930037585641473, 省神经外科技术指导中心, 0, null, null, null, null, null, null, 7437930037937963010, 2026-03-13 04:19:14.467, 7437930037937963010, 2026-03-13 04:19:14.467, 0, null
<==        Row: 2032189694514565121, 3000000000000001, 2000000000000001, 7437930041691865107, 产科医疗质控中心, 0, null, null, null, null, null, null, 177330561216333108, 2026-03-13 04:19:14.089, 177330561216333108, 2026-03-13 04:19:14.089, 0, null
<==        Row: 2032189692832649218, 3000000000000001, 2000000000000001, 7437930044913090594, 超声质控中心, 0, null, null, null, null, null, null, 177330561181315733, 2026-03-13 04:19:13.698, 177330561181315733, 2026-03-13 04:19:13.698, 0, null
<==        Row: 2032184164765220865, 3000000000000001, 2000000000000001, 1986677412049780738, 超声质控中心用户, 0, null, null, null, null, null, null, 177330561181315733, 2026-03-13 03:57:15.694, 177330561181315733, 2026-03-13 03:57:15.694, 0, null
<==      Total: 8
Closing non transactional SqlSession [org.apache.ibatis.session.defaults.DefaultSqlSession@302872f9]
Creating a new SqlSession
SqlSession [org.apache.ibatis.session.defaults.DefaultSqlSession@54354c16] was not registered for synchronization because synchronization is not active
Creating a new SqlSession
SqlSession [org.apache.ibatis.session.defaults.DefaultSqlSession@1f5e5aea] was not registered for synchronization because synchronization is not active
Creating a new SqlSession
Creating a new SqlSession
SqlSession [org.apache.ibatis.session.defaults.DefaultSqlSession@184f45ae] was not registered for synchronization because synchronization is not active
SqlSession [org.apache.ibatis.session.defaults.DefaultSqlSession@3c51fb7b] was not registered for synchronization because synchronization is not active
JDBC Connection [com.alibaba.druid.pool.DruidStatementConnection@4eaf8bfa] will not be managed by Spring
==>  Preparing: SELECT COUNT(*) AS total FROM wr_task WHERE del_flag = 0
==> Parameters: 
<==    Columns: total
<==        Row: 5
<==      Total: 1
==>  Preparing: SELECT * FROM wr_task WHERE del_flag = 0 ORDER BY create_time DESC LIMIT ?
==> Parameters: 10(Long)
<==    Columns: id, task_name, template_id, stat_year, deadline, status, remark, create_user, create_time, update_user, update_time, del_flag
<==        Row: 3000000000000001, 2025年度质控工作开展情况填报, 2000000000000001, 2025, 2026-05-31 23:59:59, 1, 附件2测试任务, null, null, null, null, 0
<==        Row: 3000000000000002, 2025年省市县质控中心设立情况填报, 2000000000000002, 2025, 2026-05-31 23:59:59, 1, 附件3测试任务, null, null, null, null, 0
<==        Row: 2032165241231572993, ISO测试任务, 2032165240753422338, null, 2026-03-20 02:42:03, 0, null, 177330561143451283, 2026-03-13 02:42:03.985, 177330561143451283, 2026-03-13 02:42:03.985, 0
<==        Row: 2032163171690639361, 2026年Q1自测任务, 2032163170851778561, null, 2026-03-20 02:33:50, 0, null, 177330561143451283, 2026-03-13 02:33:50.565, 177330561143451283, 2026-03-13 02:33:50.565, 0
<==        Row: 2032128093065342977, 省市县质控中心设立情况统计, 2032126966508843010, 2026, 2026-04-12 00:14:54, 0, 附件3任务, 177330561143451283, 2026-03-13 00:14:27.158, 177330561143451283, 2026-03-13 00:14:54.285, 0
<==      Total: 5
Closing non transactional SqlSession [org.apache.ibatis.session.defaults.DefaultSqlSession@3c51fb7b]
Creating a new SqlSession
SqlSession [org.apache.ibatis.session.defaults.DefaultSqlSession@1a15a53f] was not registered for synchronization because synchronization is not active
JDBC Connection [com.alibaba.druid.pool.DruidStatementConnection@4eaf8bfa] will not be managed by Spring
==>  Preparing: SELECT u.user_id AS "userId", u.account, u.real_name AS "realName", u.org_id AS "orgId", ho.org_name AS "orgName", u.status_flag AS "statusFlag" FROM sys_user u LEFT JOIN hr_organization ho ON ho.org_id = u.org_id WHERE u.del_flag = 'N' ORDER BY u.create_time DESC LIMIT 20
==> Parameters: 
<==    Columns: userId, account, realName, orgId, orgName, statusFlag
<==        Row: 7437930037937963010, qc_001, 省神经外科技术指导中心, 7437930037585641473, 省神经外科技术指导中心, 1
<==        Row: 7437930039313694728, qc_003, 省口腔正畸中心, 7437930038994927623, 省口腔正畸中心, 1
<==        Row: 7437930042660749335, qc_008, 人类辅助生殖技术质控中心, 7437930042337787926, 人类辅助生殖技术质控中心, 1
<==        Row: 7437930043336032282, qc_009, 产前筛查质控中心, 7437930042979516441, 产前筛查质控中心, 1
<==        Row: 7437930042027409428, qc_007, 产科医疗质控中心, 7437930041691865107, 产科医疗质控中心, 1
<==        Row: 7437930043944206365, qc_010, 儿童生长发育质控中心, 7437930043629633564, 儿童生长发育质控中心, 1
<==        Row: 7437930044585934880, qc_011, 新生儿疾病筛查质控中心, 7437930044279750687, 新生儿疾病筛查质控中心, 1
<==        Row: 7437930039963811851, qc_004, 分娩镇痛技术指导中心, 7437930039632461834, 分娩镇痛技术指导中心, 1
<==        Row: 7437930038650994693, qc_002, 省骨科技术指导中心, 7437930038294478852, 省骨科技术指导中心, 1
<==        Row: 7437930045244440611, qc_012, 超声质控中心, 7437930044913090594, 超声质控中心, 1
<==        Row: 7437930041305989137, qc_006, 甲状腺病诊治技术指导中心, 7437930040966250512, 甲状腺病诊治技术指导中心, 1
<==        Row: 7437930040609734670, qc_005, 全科医学技术指导中心, 7437930040286773261, 全科医学技术指导中心, 1
<==        Row: 2033781357875896322, 13666690999, 质控注册测试, null, null, 1
<==        Row: 2033737548525846530, 17851001366, 注册测试, null, null, 1
<==        Row: 2033711464795103234, jzzkcs01, 测试02, null, null, 1
<==        Row: 2033466480384831490, ygzxcs01, 医管中心测试人员, null, null, 1
<==        Row: 2032258086609092609, zyzkyh, 浙一质控用户, null, null, 1
<==        Row: 177330561143451283, wr_admin, 质控管理员, 1986677412049780738, 浙江省, 1
<==        Row: 177330561181315733, wr_org_a, 超声质控中心, 7437930044913090594, 超声质控中心, 1
<==        Row: 177330561216333108, wr_org_b, 产科医疗质控中心, 7437930041691865107, 产科医疗质控中心, 1
<==      Total: 20
Closing non transactional SqlSession [org.apache.ibatis.session.defaults.DefaultSqlSession@1a15a53f]
Creating a new SqlSession
SqlSession [org.apache.ibatis.session.defaults.DefaultSqlSession@781cf81] was not registered for synchronization because synchronization is not active
JDBC Connection [com.alibaba.druid.pool.DruidStatementConnection@4eaf8bfa] will not be managed by Spring
==>  Preparing: SELECT s.org_id AS orgId, COALESCE(r.org_name, any_r.org_name) AS orgName, r.status AS recordStatus FROM wr_task_org_scope s LEFT JOIN wr_record r ON r.task_id = s.task_id AND r.org_id = s.org_id AND r.del_flag = 0 LEFT JOIN LATERAL ( SELECT org_name FROM wr_record WHERE org_id = s.org_id AND del_flag = 0 LIMIT 1) any_r ON true WHERE s.task_id = ? ORDER BY COALESCE(r.org_name, any_r.org_name) NULLS LAST
==> Parameters: 3000000000000001(Long)
<==    Columns: orgid, orgname, recordstatus
<==        Row: 7437930041691865107, 产科医疗质控中心, 0
<==        Row: 7437930040286773261, 全科医学技术指导中心, 0
<==        Row: 7437930039632461834, 分娩镇痛技术指导中心, 0
<==        Row: 7437930038994927623, 省口腔正畸中心, 0
<==        Row: 7437930037585641473, 省神经外科技术指导中心, 0
<==        Row: 7437930038294478852, 省骨科技术指导中心, 0
<==        Row: 7437930044913090594, 超声质控中心, 0
<==        Row: 1986677412049780738, 超声质控中心用户, 0
<==        Row: 7437930042660749335, null, null
<==      Total: 9
Closing non transactional SqlSession [org.apache.ibatis.session.defaults.DefaultSqlSession@781cf81]
Creating a new SqlSession
SqlSession [org.apache.ibatis.session.defaults.DefaultSqlSession@42835115] was not registered for synchronization because synchronization is not active
JDBC Connection [com.alibaba.druid.pool.DruidStatementConnection@4eaf8bfa] will not be managed by Spring
==>  Preparing: SELECT org_id FROM wr_task_org_scope WHERE task_id = ? ORDER BY org_id
==> Parameters: 3000000000000001(Long)
<==    Columns: org_id
<==        Row: 1986677412049780738
<==        Row: 7437930037585641473
<==        Row: 7437930038294478852
<==        Row: 7437930038994927623
<==        Row: 7437930039632461834
<==        Row: 7437930040286773261
<==        Row: 7437930041691865107
<==        Row: 7437930042660749335
<==        Row: 7437930044913090594
<==      Total: 9
Closing non transactional SqlSession [org.apache.ibatis.session.defaults.DefaultSqlSession@42835115]
JDBC Connection [com.alibaba.druid.pool.DruidStatementConnection@4eaf8bfa] will not be managed by Spring
==>  Preparing: SELECT s.org_id AS orgId, COALESCE(r.org_name, any_r.org_name) AS orgName, r.status AS recordStatus FROM wr_task_org_scope s LEFT JOIN wr_record r ON r.task_id = s.task_id AND r.org_id = s.org_id AND r.del_flag = 0 LEFT JOIN LATERAL ( SELECT org_name FROM wr_record WHERE org_id = s.org_id AND del_flag = 0 LIMIT 1) any_r ON true WHERE s.task_id = ? ORDER BY COALESCE(r.org_name, any_r.org_name) NULLS LAST
==> Parameters: 3000000000000001(Long)
<==    Columns: orgid, orgname, recordstatus
<==        Row: 7437930041691865107, 产科医疗质控中心, 0
<==        Row: 7437930040286773261, 全科医学技术指导中心, 0
<==        Row: 7437930039632461834, 分娩镇痛技术指导中心, 0
<==        Row: 7437930038994927623, 省口腔正畸中心, 0
<==        Row: 7437930037585641473, 省神经外科技术指导中心, 0
<==        Row: 7437930038294478852, 省骨科技术指导中心, 0
<==        Row: 7437930044913090594, 超声质控中心, 0
<==        Row: 1986677412049780738, 超声质控中心用户, 0
<==        Row: 7437930042660749335, null, null
<==      Total: 9
Closing non transactional SqlSession [org.apache.ibatis.session.defaults.DefaultSqlSession@54354c16]
Creating a new SqlSession
SqlSession [org.apache.ibatis.session.defaults.DefaultSqlSession@58dff193] was not registered for synchronization because synchronization is not active
JDBC Connection [com.alibaba.druid.pool.DruidStatementConnection@4eaf8bfa] will not be managed by Spring
==>  Preparing: SELECT org_id FROM wr_task_org_scope WHERE task_id = ? ORDER BY org_id
==> Parameters: 3000000000000001(Long)
<==    Columns: org_id
<==        Row: 1986677412049780738
<==        Row: 7437930037585641473
<==        Row: 7437930038294478852
<==        Row: 7437930038994927623
<==        Row: 7437930039632461834
<==        Row: 7437930040286773261
<==        Row: 7437930041691865107
<==        Row: 7437930042660749335
<==        Row: 7437930044913090594
<==      Total: 9
Closing non transactional SqlSession [org.apache.ibatis.session.defaults.DefaultSqlSession@58dff193]
JDBC Connection [com.alibaba.druid.pool.DruidStatementConnection@4eaf8bfa] will not be managed by Spring
==>  Preparing: SELECT s.org_id AS orgId, COALESCE(r.org_name, any_r.org_name) AS orgName, r.status AS recordStatus FROM wr_task_org_scope s LEFT JOIN wr_record r ON r.task_id = s.task_id AND r.org_id = s.org_id AND r.del_flag = 0 LEFT JOIN LATERAL ( SELECT org_name FROM wr_record WHERE org_id = s.org_id AND del_flag = 0 LIMIT 1) any_r ON true WHERE s.task_id = ? ORDER BY COALESCE(r.org_name, any_r.org_name) NULLS LAST
==> Parameters: 3000000000000001(Long)
<==    Columns: orgid, orgname, recordstatus
<==        Row: 7437930041691865107, 产科医疗质控中心, 0
<==        Row: 7437930040286773261, 全科医学技术指导中心, 0
<==        Row: 7437930039632461834, 分娩镇痛技术指导中心, 0
<==        Row: 7437930038994927623, 省口腔正畸中心, 0
<==        Row: 7437930037585641473, 省神经外科技术指导中心, 0
<==        Row: 7437930038294478852, 省骨科技术指导中心, 0
<==        Row: 7437930044913090594, 超声质控中心, 0
<==        Row: 1986677412049780738, 超声质控中心用户, 0
<==        Row: 7437930042660749335, null, null
<==      Total: 9
Closing non transactional SqlSession [org.apache.ibatis.session.defaults.DefaultSqlSession@1f5e5aea]
Creating a new SqlSession
SqlSession [org.apache.ibatis.session.defaults.DefaultSqlSession@402a4cbc] was not registered for synchronization because synchronization is not active
JDBC Connection [com.alibaba.druid.pool.DruidStatementConnection@4eaf8bfa] will not be managed by Spring
==>  Preparing: SELECT org_id FROM wr_task_org_scope WHERE task_id = ? ORDER BY org_id
==> Parameters: 3000000000000001(Long)
<==    Columns: org_id
<==        Row: 1986677412049780738
<==        Row: 7437930037585641473
<==        Row: 7437930038294478852
<==        Row: 7437930038994927623
<==        Row: 7437930039632461834
<==        Row: 7437930040286773261
<==        Row: 7437930041691865107
<==        Row: 7437930042660749335
<==        Row: 7437930044913090594
<==      Total: 9
Closing non transactional SqlSession [org.apache.ibatis.session.defaults.DefaultSqlSession@402a4cbc]
JDBC Connection [com.alibaba.druid.pool.DruidStatementConnection@4eaf8bfa] will not be managed by Spring
==>  Preparing: SELECT * FROM wr_template WHERE status = 1 AND del_flag = 0 ORDER BY create_time DESC
==> Parameters: 
<==    Columns: id, template_name, description, status, create_user, create_time, update_user, update_time, del_flag
<==        Row: 2000000000000001, 附件2：年度质控工作开展情况统计表, 2025年度省级质控中心/技术指导中心工作开展情况统计表，三级表头，每机构填一行, 1, null, null, null, null, 0
<==        Row: 2000000000000002, 附件3：省市县质控中心设立情况统计表, 省市县质控中心/技术指导中心设立情况统计，每格为勾选（已成立=1）, 1, null, null, null, null, 0
<==        Row: 2032073959343710209, ??????, ??????, 1, 177330561143451283, 2026-03-12 20:39:20.674, 177330561143451283, 2026-03-12 20:39:20.674, 0
<==      Total: 3
Closing non transactional SqlSession [org.apache.ibatis.session.defaults.DefaultSqlSession@184f45ae]
